Ami(s) commun(s) entre 1<Sidi> et 2<Mohamed> : Aicha
